usearch v11.0.667_i86linux64, 8.0Gb RAM, 10 cores
/b/usearch11 -cluster_fast /d/inputs/curated_seed_set.fasta -id 0.90 -sort length -centroids /d/work/seed-centroids.fasta -uc /d/work/01-seed.uc -log /d/work/01-seed.log 
Started Thu Jul 23 21:54:45 2026
00:00 337Mb   100.0% Reading /d/inputs/curated_seed_set.fasta
00:00 380Mb   100.0% DF
Merge thread data 0 secs
13 seqs, 13 uniques, 13 singletons (100.0%)
Min size 1, median 1, max 1, avg 1.00
00:00 989Mb   100.0% DB
00:00 1.1Gb   100.0% 13 clusters, max size 1, avg 1.0
00:00 1.1Gb   100.0% Writing centroids to /d/work/seed-centroids.fasta

1 secs (00:00) 1.1Gb Result: 13 clusters, max size 1, avg 1.0

      Seqs  13
  Clusters  13
  Max size  1
  Avg size  1.0
  Min size  1
Singletons  13, 100.0% of seqs, 100.0% of clusters
   Max mem  1.1Gb
      Time  1.00s
Throughput  13.0 seqs/sec.


Finished Thu Jul 23 21:54:45 2026
Elapsed time 00:00
Max memory 1.1Gb
