usearch v11.0.667_i86linux64, 8.0Gb RAM, 10 cores
/b/usearch11 -cluster_fast /d/work/notmatched.fasta -id 0.90 -sort length -centroids /d/work/denovo-centroids.fasta -uc /d/work/03-denovo.uc -log /d/work/03-denovo.log 
Started Thu Jul 23 20:38:50 2026
00:00 338Mb   100.0% Reading /d/work/notmatched.fasta
00:00 984Mb   100.0% DF
Merge thread data 0 secs
561 seqs, 465 uniques, 372 singletons (80.0%)
Min size 1, median 1, max 4, avg 1.21
00:00 989Mb   100.0% DB
00:00 1.1Gb   100.0% 399 clusters, max size 6, avg 1.4
00:00 1.1Gb   100.0% Writing centroids to /d/work/denovo-centroids.fasta

1 secs (00:00) 1.1Gb Result: 399 clusters, max size 6, avg 1.4

      Seqs  465
  Clusters  399
  Max size  6
  Avg size  1.4
  Min size  1
Singletons  270, 58.1% of seqs, 67.7% of clusters
   Max mem  1.1Gb
      Time  1.00s
Throughput  465.0 seqs/sec.


Finished Thu Jul 23 20:38:50 2026
Elapsed time 00:00
Max memory 1.1Gb
