diamond v2.2.4.184 (C) Max Planck Society for the Advancement of Science, Benjamin J. Buchfink, University of Tuebingen
Documentation, support and updates available at http://www.diamondsearch.org
Please cite: http://dx.doi.org/10.1038/s41592-021-01101-x Nature Methods (2021)

#CPU threads: 10
Scoring parameters: (Matrix=BLOSUM62 Lambda=0.267 K=0.041 Penalties=11/1)
Database input file: results/seqs.faa
Opening the database file...  [0.002s]
Loading sequences...  [0.009s]
Masking sequences...  [0.021s]
Writing sequences...  [0.001s]
Hashing sequences...  [0s]
Loading sequences...  [0.001s]
Writing trailer...  [0s]
Closing the input file...  [0s]
Closing the database file...  [0s]

Database sequences  412
  Database letters  144631
     Database hash  daceb6d8886464914144293f92b8bc0f
        Total time  0.037000s
diamond v2.2.4.184 (C) Max Planck Society for the Advancement of Science, Benjamin J. Buchfink, University of Tuebingen
Documentation, support and updates available at http://www.diamondsearch.org
Please cite: http://dx.doi.org/10.1038/s41592-021-01101-x Nature Methods (2021)

#CPU threads: 4
Scoring parameters: (Matrix=BLOSUM62 Lambda=0.267 K=0.041 Penalties=11/1)
Temporary directory: results/
#Target sequences to report alignments for: unlimited
Opening the database...  [0.001s]
Database: results/seqs.dmnd (type: Diamond database, sequences: 412, letters: 144631, build version: 184)
Block size = 400000000
Opening the input file...  [0s]
Opening the output file...  [0s]
Loading query sequences...  [0.006s]
Loaded 150118 bytes from disk at 20.7634 MB/s
Algorithm: Double-indexed
Building query histograms...  [0.024s]
Seeking in database...  [0s]
Loading reference sequences...  [0s]
Initializing temporary storage...  [0.024s]
Building reference histograms...  [0.019s]
Allocating buffers...  [0s]
Processing query block 1, reference block 1/1, shape 1/64.
Building reference seed array...  [0.003s]
Building query seed array...  [0.001s]
Computing hash join...  [0.001s]
Masking low complexity seeds...  [0.001s]
Searching alignments...  [0.027s]
Deallocating memory...  [0s]
Processing query block 1, reference block 1/1, shape 2/64.
Building reference seed array...  [0.001s]
Building query seed array...  [0.004s]
Computing hash join...  [0.001s]
Masking low complexity seeds...  [0s]
Searching alignments...  [0.024s]
Deallocating memory...  [0s]
Processing query block 1, reference block 1/1, shape 3/64.
Building reference seed array...  [0s]
Building query seed array...  [0s]
Computing hash join...  [0s]
Masking low complexity seeds...  [0s]
Searching alignments...  [0.022s]
Deallocating memory...  [0s]
Processing query block 1, reference block 1/1, shape 4/64.
Building reference seed array...  [0s]
Building query seed array...  [0s]
Computing hash join...  [0s]
Masking low complexity seeds...  [0s]
Searching alignments...  [0.023s]
Deallocating memory...  [0s]
Processing query block 1, reference block 1/1, shape 5/64.
Building reference seed array...  [0s]
Building query seed array...  [0s]
Computing hash join...  [0s]
Masking low complexity seeds...  [0s]
Searching alignments...  [0.023s]
Deallocating memory...  [0s]
Processing query block 1, reference block 1/1, shape 6/64.
Building reference seed array...  [0s]
Building query seed array...  [0s]
Computing hash join...  [0s]
Masking low complexity seeds...  [0s]
Searching alignments...  [0.02s]
Deallocating memory...  [0s]
Processing query block 1, reference block 1/1, shape 7/64.
Building reference seed array...  [0s]
Building query seed array...  [0s]
Computing hash join...  [0s]
Masking low complexity seeds...  [0s]
Searching alignments...  [0.022s]
Deallocating memory...  [0s]
Processing query block 1, reference block 1/1, shape 8/64.
Building reference seed array...  [0s]
Building query seed array...  [0s]
Computing hash join...  [0s]
Masking low complexity seeds...  [0s]
Searching alignments...  [0.02s]
Deallocating memory...  [0s]
Processing query block 1, reference block 1/1, shape 9/64.
Building reference seed array...  [0s]
Building query seed array...  [0s]
Computing hash join...  [0s]
Masking low complexity seeds...  [0s]
Searching alignments...  [0.022s]
Deallocating memory...  [0s]
Processing query block 1, reference block 1/1, shape 10/64.
Building reference seed array...  [0s]
Building query seed array...  [0s]
Computing hash join...  [0.001s]
Masking low complexity seeds...  [0s]
Searching alignments...  [0.02s]
Deallocating memory...  [0s]
Processing query block 1, reference block 1/1, shape 11/64.
Building reference seed array...  [0s]
Building query seed array...  [0.001s]
Computing hash join...  [0s]
Masking low complexity seeds...  [0s]
Searching alignments...  [0.021s]
Deallocating memory...  [0s]
Processing query block 1, reference block 1/1, shape 12/64.
Building reference seed array...  [0.001s]
Building query seed array...  [0s]
Computing hash join...  [0s]
Masking low complexity seeds...  [0s]
Searching alignments...  [0.021s]
Deallocating memory...  [0s]
Processing query block 1, reference block 1/1, shape 13/64.
Building reference seed array...  [0s]
Building query seed array...  [0s]
Computing hash join...  [0s]
Masking low complexity seeds...  [0s]
Searching alignments...  [0.022s]
Deallocating memory...  [0s]
Processing query block 1, reference block 1/1, shape 14/64.
Building reference seed array...  [0s]
Building query seed array...  [0s]
Computing hash join...  [0s]
Masking low complexity seeds...  [0s]
Searching alignments...  [0.021s]
Deallocating memory...  [0s]
Processing query block 1, reference block 1/1, shape 15/64.
Building reference seed array...  [0s]
Building query seed array...  [0s]
Computing hash join...  [0s]
Masking low complexity seeds...  [0s]
Searching alignments...  [0.019s]
Deallocating memory...  [0s]
Processing query block 1, reference block 1/1, shape 16/64.
Building reference seed array...  [0s]
Building query seed array...  [0.001s]
Computing hash join...  [0.001s]
Masking low complexity seeds...  [0s]
Searching alignments...  [0.02s]
Deallocating memory...  [0s]
Processing query block 1, reference block 1/1, shape 17/64.
Building reference seed array...  [0s]
Building query seed array...  [0s]
Computing hash join...  [0s]
Masking low complexity seeds...  [0s]
Searching alignments...  [0.021s]
Deallocating memory...  [0s]
Processing query block 1, reference block 1/1, shape 18/64.
Building reference seed array...  [0s]
Building query seed array...  [0.001s]
Computing hash join...  [0.001s]
Masking low complexity seeds...  [0s]
Searching alignments...  [0.019s]
Deallocating memory...  [0s]
Processing query block 1, reference block 1/1, shape 19/64.
Building reference seed array...  [0s]
Building query seed array...  [0s]
Computing hash join...  [0s]
Masking low complexity seeds...  [0s]
Searching alignments...  [0.021s]
Deallocating memory...  [0s]
Processing query block 1, reference block 1/1, shape 20/64.
Building reference seed array...  [0s]
Building query seed array...  [0s]
Computing hash join...  [0s]
Masking low complexity seeds...  [0s]
Searching alignments...  [0.02s]
Deallocating memory...  [0s]
Processing query block 1, reference block 1/1, shape 21/64.
Building reference seed array...  [0s]
Building query seed array...  [0s]
Computing hash join...  [0s]
Masking low complexity seeds...  [0s]
Searching alignments...  [0.02s]
Deallocating memory...  [0s]
Processing query block 1, reference block 1/1, shape 22/64.
Building reference seed array...  [0s]
Building query seed array...  [0s]
Computing hash join...  [0s]
Masking low complexity seeds...  [0s]
Searching alignments...  [0.02s]
Deallocating memory...  [0s]
Processing query block 1, reference block 1/1, shape 23/64.
Building reference seed array...  [0s]
Building query seed array...  [0s]
Computing hash join...  [0s]
Masking low complexity seeds...  [0s]
Searching alignments...  [0.021s]
Deallocating memory...  [0s]
Processing query block 1, reference block 1/1, shape 24/64.
Building reference seed array...  [0s]
Building query seed array...  [0s]
Computing hash join...  [0s]
Masking low complexity seeds...  [0s]
Searching alignments...  [0.019s]
Deallocating memory...  [0s]
Processing query block 1, reference block 1/1, shape 25/64.
Building reference seed array...  [0s]
Building query seed array...  [0s]
Computing hash join...  [0s]
Masking low complexity seeds...  [0s]
Searching alignments...  [0.021s]
Deallocating memory...  [0s]
Processing query block 1, reference block 1/1, shape 26/64.
Building reference seed array...  [0s]
Building query seed array...  [0s]
Computing hash join...  [0s]
Masking low complexity seeds...  [0s]
Searching alignments...  [0.021s]
Deallocating memory...  [0s]
Processing query block 1, reference block 1/1, shape 27/64.
Building reference seed array...  [0s]
Building query seed array...  [0s]
Computing hash join...  [0s]
Masking low complexity seeds...  [0s]
Searching alignments...  [0.02s]
Deallocating memory...  [0s]
Processing query block 1, reference block 1/1, shape 28/64.
Building reference seed array...  [0s]
Building query seed array...  [0s]
Computing hash join...  [0s]
Masking low complexity seeds...  [0s]
Searching alignments...  [0.021s]
Deallocating memory...  [0s]
Processing query block 1, reference block 1/1, shape 29/64.
Building reference seed array...  [0s]
Building query seed array...  [0s]
Computing hash join...  [0s]
Masking low complexity seeds...  [0s]
Searching alignments...  [0.021s]
Deallocating memory...  [0s]
Processing query block 1, reference block 1/1, shape 30/64.
Building reference seed array...  [0s]
Building query seed array...  [0s]
Computing hash join...  [0.001s]
Masking low complexity seeds...  [0.001s]
Searching alignments...  [0.022s]
Deallocating memory...  [0s]
Processing query block 1, reference block 1/1, shape 31/64.
Building reference seed array...  [0s]
Building query seed array...  [0s]
Computing hash join...  [0s]
Masking low complexity seeds...  [0s]
Searching alignments...  [0.025s]
Deallocating memory...  [0s]
Processing query block 1, reference block 1/1, shape 32/64.
Building reference seed array...  [0s]
Building query seed array...  [0s]
Computing hash join...  [0s]
Masking low complexity seeds...  [0s]
Searching alignments...  [0.018s]
Deallocating memory...  [0s]
Processing query block 1, reference block 1/1, shape 33/64.
Building reference seed array...  [0s]
Building query seed array...  [0s]
Computing hash join...  [0s]
Masking low complexity seeds...  [0s]
Searching alignments...  [0.02s]
Deallocating memory...  [0s]
Processing query block 1, reference block 1/1, shape 34/64.
Building reference seed array...  [0s]
Building query seed array...  [0s]
Computing hash join...  [0s]
Masking low complexity seeds...  [0s]
Searching alignments...  [0.021s]
Deallocating memory...  [0s]
Processing query block 1, reference block 1/1, shape 35/64.
Building reference seed array...  [0s]
Building query seed array...  [0s]
Computing hash join...  [0s]
Masking low complexity seeds...  [0s]
Searching alignments...  [0.018s]
Deallocating memory...  [0s]
Processing query block 1, reference block 1/1, shape 36/64.
Building reference seed array...  [0s]
Building query seed array...  [0s]
Computing hash join...  [0s]
Masking low complexity seeds...  [0s]
Searching alignments...  [0.02s]
Deallocating memory...  [0s]
Processing query block 1, reference block 1/1, shape 37/64.
Building reference seed array...  [0s]
Building query seed array...  [0s]
Computing hash join...  [0s]
Masking low complexity seeds...  [0s]
Searching alignments...  [0.02s]
Deallocating memory...  [0s]
Processing query block 1, reference block 1/1, shape 38/64.
Building reference seed array...  [0s]
Building query seed array...  [0s]
Computing hash join...  [0s]
Masking low complexity seeds...  [0s]
Searching alignments...  [0.019s]
Deallocating memory...  [0s]
Processing query block 1, reference block 1/1, shape 39/64.
Building reference seed array...  [0s]
Building query seed array...  [0s]
Computing hash join...  [0s]
Masking low complexity seeds...  [0s]
Searching alignments...  [0.02s]
Deallocating memory...  [0s]
Processing query block 1, reference block 1/1, shape 40/64.
Building reference seed array...  [0s]
Building query seed array...  [0s]
Computing hash join...  [0s]
Masking low complexity seeds...  [0s]
Searching alignments...  [0.021s]
Deallocating memory...  [0s]
Processing query block 1, reference block 1/1, shape 41/64.
Building reference seed array...  [0s]
Building query seed array...  [0s]
Computing hash join...  [0s]
Masking low complexity seeds...  [0s]
Searching alignments...  [0.021s]
Deallocating memory...  [0s]
Processing query block 1, reference block 1/1, shape 42/64.
Building reference seed array...  [0s]
Building query seed array...  [0s]
Computing hash join...  [0s]
Masking low complexity seeds...  [0s]
Searching alignments...  [0.019s]
Deallocating memory...  [0s]
Processing query block 1, reference block 1/1, shape 43/64.
Building reference seed array...  [0s]
Building query seed array...  [0s]
Computing hash join...  [0s]
Masking low complexity seeds...  [0s]
Searching alignments...  [0.019s]
Deallocating memory...  [0s]
Processing query block 1, reference block 1/1, shape 44/64.
Building reference seed array...  [0s]
Building query seed array...  [0.001s]
Computing hash join...  [0s]
Masking low complexity seeds...  [0s]
Searching alignments...  [0.019s]
Deallocating memory...  [0s]
Processing query block 1, reference block 1/1, shape 45/64.
Building reference seed array...  [0s]
Building query seed array...  [0s]
Computing hash join...  [0s]
Masking low complexity seeds...  [0s]
Searching alignments...  [0.022s]
Deallocating memory...  [0s]
Processing query block 1, reference block 1/1, shape 46/64.
Building reference seed array...  [0s]
Building query seed array...  [0s]
Computing hash join...  [0s]
Masking low complexity seeds...  [0s]
Searching alignments...  [0.022s]
Deallocating memory...  [0s]
Processing query block 1, reference block 1/1, shape 47/64.
Building reference seed array...  [0s]
Building query seed array...  [0s]
Computing hash join...  [0s]
Masking low complexity seeds...  [0s]
Searching alignments...  [0.022s]
Deallocating memory...  [0s]
Processing query block 1, reference block 1/1, shape 48/64.
Building reference seed array...  [0s]
Building query seed array...  [0s]
Computing hash join...  [0s]
Masking low complexity seeds...  [0s]
Searching alignments...  [0.022s]
Deallocating memory...  [0s]
Processing query block 1, reference block 1/1, shape 49/64.
Building reference seed array...  [0s]
Building query seed array...  [0s]
Computing hash join...  [0s]
Masking low complexity seeds...  [0s]
Searching alignments...  [0.021s]
Deallocating memory...  [0s]
Processing query block 1, reference block 1/1, shape 50/64.
Building reference seed array...  [0s]
Building query seed array...  [0s]
Computing hash join...  [0.001s]
Masking low complexity seeds...  [0s]
Searching alignments...  [0.02s]
Deallocating memory...  [0s]
Processing query block 1, reference block 1/1, shape 51/64.
Building reference seed array...  [0s]
Building query seed array...  [0s]
Computing hash join...  [0.001s]
Masking low complexity seeds...  [0.001s]
Searching alignments...  [0.02s]
Deallocating memory...  [0s]
Processing query block 1, reference block 1/1, shape 52/64.
Building reference seed array...  [0s]
Building query seed array...  [0.001s]
Computing hash join...  [0.001s]
Masking low complexity seeds...  [0.001s]
Searching alignments...  [0.022s]
Deallocating memory...  [0s]
Processing query block 1, reference block 1/1, shape 53/64.
Building reference seed array...  [0s]
Building query seed array...  [0.001s]
Computing hash join...  [0.001s]
Masking low complexity seeds...  [0s]
Searching alignments...  [0.023s]
Deallocating memory...  [0s]
Processing query block 1, reference block 1/1, shape 54/64.
Building reference seed array...  [0s]
Building query seed array...  [0s]
Computing hash join...  [0.001s]
Masking low complexity seeds...  [0.001s]
Searching alignments...  [0.023s]
Deallocating memory...  [0s]
Processing query block 1, reference block 1/1, shape 55/64.
Building reference seed array...  [0s]
Building query seed array...  [0.001s]
Computing hash join...  [0.001s]
Masking low complexity seeds...  [0.001s]
Searching alignments...  [0.02s]
Deallocating memory...  [0s]
Processing query block 1, reference block 1/1, shape 56/64.
Building reference seed array...  [0.001s]
Building query seed array...  [0.001s]
Computing hash join...  [0.001s]
Masking low complexity seeds...  [0.001s]
Searching alignments...  [0.021s]
Deallocating memory...  [0s]
Processing query block 1, reference block 1/1, shape 57/64.
Building reference seed array...  [0s]
Building query seed array...  [0s]
Computing hash join...  [0.001s]
Masking low complexity seeds...  [0s]
Searching alignments...  [0.021s]
Deallocating memory...  [0s]
Processing query block 1, reference block 1/1, shape 58/64.
Building reference seed array...  [0s]
Building query seed array...  [0s]
Computing hash join...  [0.001s]
Masking low complexity seeds...  [0s]
Searching alignments...  [0.021s]
Deallocating memory...  [0s]
Processing query block 1, reference block 1/1, shape 59/64.
Building reference seed array...  [0s]
Building query seed array...  [0s]
Computing hash join...  [0s]
Masking low complexity seeds...  [0s]
Searching alignments...  [0.021s]
Deallocating memory...  [0s]
Processing query block 1, reference block 1/1, shape 60/64.
Building reference seed array...  [0s]
Building query seed array...  [0s]
Computing hash join...  [0s]
Masking low complexity seeds...  [0s]
Searching alignments...  [0.021s]
Deallocating memory...  [0s]
Processing query block 1, reference block 1/1, shape 61/64.
Building reference seed array...  [0s]
Building query seed array...  [0s]
Computing hash join...  [0s]
Masking low complexity seeds...  [0.003s]
Searching alignments...  [0.019s]
Deallocating memory...  [0s]
Processing query block 1, reference block 1/1, shape 62/64.
Building reference seed array...  [0s]
Building query seed array...  [0s]
Computing hash join...  [0s]
Masking low complexity seeds...  [0s]
Searching alignments...  [0.019s]
Deallocating memory...  [0s]
Processing query block 1, reference block 1/1, shape 63/64.
Building reference seed array...  [0s]
Building query seed array...  [0s]
Computing hash join...  [0s]
Masking low complexity seeds...  [0s]
Searching alignments...  [0.021s]
Deallocating memory...  [0s]
Processing query block 1, reference block 1/1, shape 64/64.
Building reference seed array...  [0s]
Building query seed array...  [0s]
Computing hash join...  [0s]
Masking low complexity seeds...  [0s]
Searching alignments...  [0.019s]
Deallocating memory...  [0s]
Deallocating buffers...  [0s]
Clearing query masking...  [0s]
Computing alignments...  [1.775s]
Deallocating reference...  [0s]
Loading reference sequences...  [0s]
Deallocating buffers...  [0s]
Deallocating queries...  [0s]
Loading query sequences...  [0s]
Closing the input file...  [0s]
Closing the output file...  [0s]
Closing the database...  [0s]
Cleaning up...  [0s]
Total time = 3.579s
Reported 58250 pairwise alignments, 58250 HSPs.
412 queries aligned.
